// Jest Snapshot v1, https://goo.gl/fbAQLP

exports[`Navigation Menu matches snapshot 1`] = `
<DocumentFragment>
  <div
    class="css-12htcqv"
  >
    <div
      class="chakra-container css-je61vd"
    />
  </div>
</DocumentFragment>
`;

exports[`Navigation Menu matches snapshot 2`] = `
<DocumentFragment>
  <div
    class="css-12htcqv"
  >
    <div
      class="chakra-container css-je61vd"
    >
      <a
        class="css-13cu51q"
        data-testid="navigation-menu"
      >
        <svg
          class="chakra-icon css-f0a3g4"
          fill="currentColor"
          focusable="false"
          height="1em"
          stroke="currentColor"
          stroke-width="0"
          viewBox="0 0 20 20"
          width="1em"
          xmlns="http://www.w3.org/2000/svg"
        >
          <path
            d="M7 3a1 1 0 000 2h6a1 1 0 100-2H7zM4 7a1 1 0 011-1h10a1 1 0 110 2H5a1 1 0 01-1-1zM2 11a2 2 0 012-2h12a2 2 0 012 2v4a2 2 0 01-2 2H4a2 2 0 01-2-2v-4z"
          />
        </svg>
        <p
          class="chakra-text css-1wrp73i"
        >
          Menu
        </p>
      </a>
    </div>
  </div>
</DocumentFragment>
`;
